[assess] scoring validation
[assess]   val_fit 427,918 rows (688 frauds) -- model choice + calibration
[assess]   val_sel 285,279 rows (555 frauds) -- threshold selection

[assess] PR-AUC on val_fit (this is what selects the model)
    ensemble     71.97%  <-- shipped
    xgboost      71.87%
    histgb       66.43%
    catboost     58.60%

[assess] isotonic calibration for 'ensemble' (fitted on val_fit, measured on val_sel)
    expected calibration error 3.7227% -> 0.0045%
[assess] review band sized by capacity: score >= 24.30% sends 0.20% of traffic to a human (target 0.20%)

[assess] scoring the held-out TEST split (first and only look)

[assess] held-out test: 802,346 transactions, 1,409 frauds (0.176%)
    PR-AUC 68.08%  (random baseline 0.176%, lift 388x)
    ROC-AUC 99.40%

[assess] cost model: FP=50 per wrong block, FN=actual amount
    do nothing                               132,543
    at threshold 64.00% (chosen on val_sel)         66,537
    saves 66,006 (49.8% of avoidable loss)
    precision 77.02%  recall 56.14%  fp=236  fn=618  block rate 0.128%
    [reference] the test-argmin threshold 54.00% would give 65,746; choosing it on the very split we report would be worth 791 of selection bias. Not used.

[assess] ensemble vs best single (xgboost) on test
    xgboost    PR-AUC 68.08%
    ensemble   PR-AUC 68.08%
    paired delta -0.00%  95% CI [-0.51%, +0.47%]
    -> NOT a statistically significant improvement. Reported as such.

[assess] 1% check set (the month AFTER test, never touched)
    89,151 transactions, 191 frauds (0.214%)
    PR-AUC 68.81%  (test was 68.08%)
    at the shipped threshold: precision 73.94%  recall 54.97%
[eval] wrote C:\Users\shusm\Downloads\razorpya\fraud-risk-manager\reports\pr_curve.png
[eval] wrote C:\Users\shusm\Downloads\razorpya\fraud-risk-manager\reports\cost_curve.png

[assess] wrote reports/assessment.json and serving_config.json
[assess] serving: ensemble  block at 64.00%  review from 24.30%
[context] reference = 7,299,780 legitimate TRAIN rows; overall fraud rate 0.1435%
[context] use_chip: highest-risk levels -> Online Transaction 1.02%, Chip Transaction 0.03%, Swipe Transaction 0.03%
[context] mcc_category: highest-risk levels -> Cruise Lines 63.89%, Miscellaneous Fabricated Metal Products 11.39%, Electronics Stores 10.30%
[context] card_brand: highest-risk levels -> Discover 0.19%, Amex 0.16%, Mastercard 0.15%
[context] card_type: highest-risk levels -> Debit (Prepaid) 0.23%, Credit 0.15%, Debit 0.13%
[context] error_kind: highest-risk levels -> Bad CVV 4.16%, Bad Expiration 1.59%, Bad Card Number 1.37%
[context] no validation predictions supplied -- score bands skipped
[context] wrote C:\Users\shusm\Downloads\razorpya\fraud-risk-manager\models\feature_context.json
CHAIN_COMPLETE
